Analyzing ludus_latinus_mobile...                               

   info - The constant name 'SND_ASYNC' isn't a lowerCamelCase identifier. Try changing the name to follow the lowerCamelCase style - lib\data\services\audio_service.dart:22:20 - constant_identifier_names
   info - The constant name 'SND_NODEFAULT' isn't a lowerCamelCase identifier. Try changing the name to follow the lowerCamelCase style - lib\data\services\audio_service.dart:23:20 - constant_identifier_names
   info - The constant name 'SND_PURGE' isn't a lowerCamelCase identifier. Try changing the name to follow the lowerCamelCase style - lib\data\services\audio_service.dart:24:20 - constant_identifier_names
   info - The constant name 'SND_FILENAME' isn't a lowerCamelCase identifier. Try changing the name to follow the lowerCamelCase style - lib\data\services\audio_service.dart:25:20 - constant_identifier_names
   info - 'withOpacity' is deprecated and shouldn't be used. Use .withValues() to avoid precision loss. Try replacing the use of the deprecated member with the replacement - lib\ui\core\cinematic_player.dart:211:45 - deprecated_member_use
   info - 'withOpacity' is deprecated and shouldn't be used. Use .withValues() to avoid precision loss. Try replacing the use of the deprecated member with the replacement - lib\ui\core\cinematic_player.dart:214:59 - deprecated_member_use
   info - Use 'const' with the constructor to improve performance. Try adding the 'const' keyword to the constructor invocation - lib\ui\core\cinematic_player.dart:225:30 - prefer_const_constructors
   info - 'withOpacity' is deprecated and shouldn't be used. Use .withValues() to avoid precision loss. Try replacing the use of the deprecated member with the replacement - lib\ui\core\cinematic_player.dart:262:36 - deprecated_member_use
   info - 'withOpacity' is deprecated and shouldn't be used. Use .withValues() to avoid precision loss. Try replacing the use of the deprecated member with the replacement - lib\ui\core\cinematic_player.dart:263:47 - deprecated_member_use
   info - 'withOpacity' is deprecated and shouldn't be used. Use .withValues() to avoid precision loss. Try replacing the use of the deprecated member with the replacement - lib\ui\core\cinematic_player.dart:264:36 - deprecated_member_use
   info - 'withOpacity' is deprecated and shouldn't be used. Use .withValues() to avoid precision loss. Try replacing the use of the deprecated member with the replacement - lib\ui\core\cinematic_player.dart:271:53 - deprecated_member_use
   info - 'withOpacity' is deprecated and shouldn't be used. Use .withValues() to avoid precision loss. Try replacing the use of the deprecated member with the replacement - lib\ui\core\cinematic_player.dart:296:45 - deprecated_member_use
   info - 'withOpacity' is deprecated and shouldn't be used. Use .withValues() to avoid precision loss. Try replacing the use of the deprecated member with the replacement - lib\ui\core\game_juice.dart:351:32 - deprecated_member_use
   info - 'withOpacity' is deprecated and shouldn't be used. Use .withValues() to avoid precision loss. Try replacing the use of the deprecated member with the replacement - lib\ui\core\game_juice.dart:352:40 - deprecated_member_use
   info - 'withOpacity' is deprecated and shouldn't be used. Use .withValues() to avoid precision loss. Try replacing the use of the deprecated member with the replacement - lib\ui\core\game_juice.dart:391:40 - deprecated_member_use
   info - 'withOpacity' is deprecated and shouldn't be used. Use .withValues() to avoid precision loss. Try replacing the use of the deprecated member with the replacement - lib\ui\core\game_juice.dart:413:36 - deprecated_member_use
   info - 'withOpacity' is deprecated and shouldn't be used. Use .withValues() to avoid precision loss. Try replacing the use of the deprecated member with the replacement - lib\ui\core\game_juice.dart:414:36 - deprecated_member_use
   info - 'withOpacity' is deprecated and shouldn't be used. Use .withValues() to avoid precision loss. Try replacing the use of the deprecated member with the replacement - lib\ui\core\particles_overlay.dart:168:43 - deprecated_member_use
   info - 'withOpacity' is deprecated and shouldn't be used. Use .withValues() to avoid precision loss. Try replacing the use of the deprecated member with the replacement - lib\ui\core\particles_overlay.dart:194:29 - deprecated_member_use
   info - 'withOpacity' is deprecated and shouldn't be used. Use .withValues() to avoid precision loss. Try replacing the use of the deprecated member with the replacement - lib\ui\core\particles_overlay.dart:225:30 - deprecated_member_use
   info - 'withOpacity' is deprecated and shouldn't be used. Use .withValues() to avoid precision loss. Try replacing the use of the deprecated member with the replacement - lib\ui\core\roman_audio_modal.dart:58:49 - deprecated_member_use
   info - 'withOpacity' is deprecated and shouldn't be used. Use .withValues() to avoid precision loss. Try replacing the use of the deprecated member with the replacement - lib\ui\core\roman_audio_modal.dart:132:52 - deprecated_member_use
   info - 'withOpacity' is deprecated and shouldn't be used. Use .withValues() to avoid precision loss. Try replacing the use of the deprecated member with the replacement - lib\ui\core\roman_audio_modal.dart:133:66 - deprecated_member_use
   info - 'activeColor' is deprecated and shouldn't be used. Use activeThumbColor or activeTrackColor instead. This feature was deprecated after v3.31.0-2.0.pre. Try replacing the use of the deprecated member with the replacement - lib\ui\core\roman_audio_modal.dart:171:33 - deprecated_member_use
   info - 'withOpacity' is deprecated and shouldn't be used. Use .withValues() to avoid precision loss. Try replacing the use of the deprecated member with the replacement - lib\ui\core\roman_audio_modal.dart:202:67 - deprecated_member_use
   info - 'withOpacity' is deprecated and shouldn't be used. Use .withValues() to avoid precision loss. Try replacing the use of the deprecated member with the replacement - lib\ui\core\roman_audio_modal.dart:219:76 - deprecated_member_use
   info - 'withOpacity' is deprecated and shouldn't be used. Use .withValues() to avoid precision loss. Try replacing the use of the deprecated member with the replacement - lib\ui\core\roman_audio_modal.dart:221:70 - deprecated_member_use
   info - 'withOpacity' is deprecated and shouldn't be used. Use .withValues() to avoid precision loss. Try replacing the use of the deprecated member with the replacement - lib\ui\core\roman_audio_modal.dart:252:69 - deprecated_member_use
   info - 'activeColor' is deprecated and shouldn't be used. Use activeThumbColor or activeTrackColor instead. This feature was deprecated after v3.31.0-2.0.pre. Try replacing the use of the deprecated member with the replacement - lib\ui\core\roman_audio_modal.dart:286:33 - deprecated_member_use
   info - 'withOpacity' is deprecated and shouldn't be used. Use .withValues() to avoid precision loss. Try replacing the use of the deprecated member with the replacement - lib\ui\core\roman_audio_modal.dart:394:39 - deprecated_member_use
   info - 'withOpacity' is deprecated and shouldn't be used. Use .withValues() to avoid precision loss. Try replacing the use of the deprecated member with the replacement - lib\ui\core\roman_audio_modal.dart:397:53 - deprecated_member_use
   info - 'withOpacity' is deprecated and shouldn't be used. Use .withValues() to avoid precision loss. Try replacing the use of the deprecated member with the replacement - lib\ui\core\roman_audio_modal.dart:407:57 - deprecated_member_use
   info - 'withOpacity' is deprecated and shouldn't be used. Use .withValues() to avoid precision loss. Try replacing the use of the deprecated member with the replacement - lib\ui\core\roman_ornaments.dart:29:23 - deprecated_member_use
   info - Use 'const' for final variables initialized to a constant value. Try replacing 'final' with 'const' - lib\ui\core\roman_ornaments.dart:147:5 - prefer_const_declarations
   info - 'withOpacity' is deprecated and shouldn't be used. Use .withValues() to avoid precision loss. Try replacing the use of the deprecated member with the replacement - lib\ui\core\roman_ornaments.dart:243:55 - deprecated_member_use
   info - 'withOpacity' is deprecated and shouldn't be used. Use .withValues() to avoid precision loss. Try replacing the use of the deprecated member with the replacement - lib\ui\core\roman_ornaments.dart:312:25 - deprecated_member_use
   info - 'withOpacity' is deprecated and shouldn't be used. Use .withValues() to avoid precision loss. Try replacing the use of the deprecated member with the replacement - lib\ui\core\roman_ornaments.dart:325:35 - deprecated_member_use
   info - 'withOpacity' is deprecated and shouldn't be used. Use .withValues() to avoid precision loss. Try replacing the use of the deprecated member with the replacement - lib\ui\core\roman_ornaments.dart:330:32 - deprecated_member_use
   info - 'withOpacity' is deprecated and shouldn't be used. Use .withValues() to avoid precision loss. Try replacing the use of the deprecated member with the replacement - lib\ui\core\roman_ornaments.dart:346:39 - deprecated_member_use
   info - 'withOpacity' is deprecated and shouldn't be used. Use .withValues() to avoid precision loss. Try replacing the use of the deprecated member with the replacement - lib\ui\core\roman_ornaments.dart:359:37 - deprecated_member_use
   info - 'withOpacity' is deprecated and shouldn't be used. Use .withValues() to avoid precision loss. Try replacing the use of the deprecated member with the replacement - lib\ui\core\roman_ornaments.dart:371:45 - deprecated_member_use
   info - 'withOpacity' is deprecated and shouldn't be used. Use .withValues() to avoid precision loss. Try replacing the use of the deprecated member with the replacement - lib\ui\core\roman_ornaments.dart:429:46 - deprecated_member_use
   info - Use 'const' with the constructor to improve performance. Try adding the 'const' keyword to the constructor invocation - lib\ui\core\room_decorations.dart:22:18 - prefer_const_constructors
   info - Use 'const' for final variables initialized to a constant value. Try replacing 'final' with 'const' - lib\ui\core\room_decorations.dart:37:5 - prefer_const_declarations
   info - Use 'const' for final variables initialized to a constant value. Try replacing 'final' with 'const' - lib\ui\core\room_decorations.dart:59:5 - prefer_const_declarations
   info - 'withOpacity' is deprecated and shouldn't be used. Use .withValues() to avoid precision loss. Try replacing the use of the deprecated member with the replacement - lib\ui\core\room_decorations.dart:81:23 - deprecated_member_use
   info - 'withOpacity' is deprecated and shouldn't be used. Use .withValues() to avoid precision loss. Try replacing the use of the deprecated member with the replacement - lib\ui\core\room_decorations.dart:82:23 - deprecated_member_use
   info - 'withOpacity' is deprecated and shouldn't be used. Use .withValues() to avoid precision loss. Try replacing the use of the deprecated member with the replacement - lib\ui\core\room_decorations.dart:120:21 - deprecated_member_use
   info - 'withOpacity' is deprecated and shouldn't be used. Use .withValues() to avoid precision loss. Try replacing the use of the deprecated member with the replacement - lib\ui\core\room_decorations.dart:210:43 - deprecated_member_use
   info - 'withOpacity' is deprecated and shouldn't be used. Use .withValues() to avoid precision loss. Try replacing the use of the deprecated member with the replacement - lib\ui\core\room_decorations.dart:211:43 - deprecated_member_use
   info - Use 'const' with the constructor to improve performance. Try adding the 'const' keyword to the constructor invocation - lib\ui\core\room_decorations.dart:311:11 - prefer_const_constructors
   info - Use 'const' literals as arguments to constructors of '@immutable' classes. Try adding 'const' before the literal - lib\ui\core\room_decorations.dart:313:23 - prefer_const_literals_to_create_immutables
   info - Use 'const' with the constructor to improve performance. Try adding the 'const' keyword to the constructor invocation - lib\ui\core\room_decorations.dart:316:15 - prefer_const_constructors
   info - Use 'const' with the constructor to improve performance. Try adding the 'const' keyword to the constructor invocation - lib\ui\core\room_decorations.dart:318:24 - prefer_const_constructors
   info - 'withOpacity' is deprecated and shouldn't be used. Use .withValues() to avoid precision loss. Try replacing the use of the deprecated member with the replacement - lib\ui\core\room_decorations.dart:343:29 - deprecated_member_use
   info - 'withOpacity' is deprecated and shouldn't be used. Use .withValues() to avoid precision loss. Try replacing the use of the deprecated member with the replacement - lib\ui\core\room_decorations.dart:344:29 - deprecated_member_use
   info - 'withOpacity' is deprecated and shouldn't be used. Use .withValues() to avoid precision loss. Try replacing the use of the deprecated member with the replacement - lib\ui\core\room_decorations.dart:360:42 - deprecated_member_use
   info - 'withOpacity' is deprecated and shouldn't be used. Use .withValues() to avoid precision loss. Try replacing the use of the deprecated member with the replacement - lib\ui\core\room_decorations.dart:482:42 - deprecated_member_use
   info - 'background' is deprecated and shouldn't be used. Use surface instead. This feature was deprecated after v3.18.0-0.1.pre. Try replacing the use of the deprecated member with the replacement - lib\ui\core\themes.dart:70:9 - deprecated_member_use
   info - 'background' is deprecated and shouldn't be used. Use surface instead. This feature was deprecated after v3.18.0-0.1.pre. Try replacing the use of the deprecated member with the replacement - lib\ui\core\themes.dart:120:9 - deprecated_member_use
   info - 'withOpacity' is deprecated and shouldn't be used. Use .withValues() to avoid precision loss. Try replacing the use of the deprecated member with the replacement - lib\ui\core\widgets.dart:233:47 - deprecated_member_use
   info - 'withOpacity' is deprecated and shouldn't be used. Use .withValues() to avoid precision loss. Try replacing the use of the deprecated member with the replacement - lib\ui\core\widgets.dart:445:22 - deprecated_member_use
   info - 'withOpacity' is deprecated and shouldn't be used. Use .withValues() to avoid precision loss. Try replacing the use of the deprecated member with the replacement - lib\ui\core\widgets.dart:465:57 - deprecated_member_use
   info - Use 'const' with the constructor to improve performance. Try adding the 'const' keyword to the constructor invocation - lib\ui\features\account\account_screen.dart:276:31 - prefer_const_constructors
   info - Use 'const' with the constructor to improve performance. Try adding the 'const' keyword to the constructor invocation - lib\ui\features\account\account_screen.dart:278:40 - prefer_const_constructors
   info - Use 'const' with the constructor to improve performance. Try adding the 'const' keyword to the constructor invocation - lib\ui\features\boutique\boutique_modal.dart:174:25 - prefer_const_constructors
   info - Use 'const' with the constructor to improve performance. Try adding the 'const' keyword to the constructor invocation - lib\ui\features\boutique\boutique_modal.dart:175:34 - prefer_const_constructors
   info - Use 'const' literals as arguments to constructors of '@immutable' classes. Try adding 'const' before the literal - lib\ui\features\boutique\boutique_modal.dart:177:39 - prefer_const_literals_to_create_immutables
   info - Use 'const' with the constructor to improve performance. Try adding the 'const' keyword to the constructor invocation - lib\ui\features\boutique\boutique_modal.dart:178:31 - prefer_const_constructors
   info - Use 'const' with the constructor to improve performance. Try adding the 'const' keyword to the constructor invocation - lib\ui\features\boutique\boutique_modal.dart:180:40 - prefer_const_constructors
   info - 'withOpacity' is deprecated and shouldn't be used. Use .withValues() to avoid precision loss. Try replacing the use of the deprecated member with the replacement - lib\ui\features\boutique\boutique_modal.dart:388:61 - deprecated_member_use
   info - 'withOpacity' is deprecated and shouldn't be used. Use .withValues() to avoid precision loss. Try replacing the use of the deprecated member with the replacement - lib\ui\features\boutique\boutique_modal.dart:460:46 - deprecated_member_use
   info - 'withOpacity' is deprecated and shouldn't be used. Use .withValues() to avoid precision loss. Try replacing the use of the deprecated member with the replacement - lib\ui\features\boutique\boutique_modal.dart:466:57 - deprecated_member_use
   info - 'withOpacity' is deprecated and shouldn't be used. Use .withValues() to avoid precision loss. Try replacing the use of the deprecated member with the replacement - lib\ui\features\boutique\boutique_modal.dart:481:45 - deprecated_member_use
   info - 'withOpacity' is deprecated and shouldn't be used. Use .withValues() to avoid precision loss. Try replacing the use of the deprecated member with the replacement - lib\ui\features\boutique\boutique_modal.dart:484:88 - deprecated_member_use
   info - 'withOpacity' is deprecated and shouldn't be used. Use .withValues() to avoid precision loss. Try replacing the use of the deprecated member with the replacement - lib\ui\features\boutique\boutique_modal.dart:567:42 - deprecated_member_use
   info - Use 'const' with the constructor to improve performance. Try adding the 'const' keyword to the constructor invocation - lib\ui\features\cesar\cesar_screen.dart:780:29 - prefer_const_constructors
   info - 'withOpacity' is deprecated and shouldn't be used. Use .withValues() to avoid precision loss. Try replacing the use of the deprecated member with the replacement - lib\ui\features\cesar\cesar_screen.dart:958:80 - deprecated_member_use
   info - Use 'const' for final variables initialized to a constant value. Try replacing 'final' with 'const' - lib\ui\features\cesar\cesar_screen.dart:1058:5 - prefer_const_declarations
   info - The private field _playerSpeed could be 'final'. Try making the field 'final' - lib\ui\features\circus\circus_screen.dart:85:10 - prefer_final_fields
   info - The private field _rivalSpeed could be 'final'. Try making the field 'final' - lib\ui\features\circus\circus_screen.dart:86:10 - prefer_final_fields
   info - 'withOpacity' is deprecated and shouldn't be used. Use .withValues() to avoid precision loss. Try replacing the use of the deprecated member with the replacement - lib\ui\features\circus\circus_screen.dart:774:47 - deprecated_member_use
   info - Use 'const' with the constructor to improve performance. Try adding the 'const' keyword to the constructor invocation - lib\ui\features\circus\circus_screen.dart:806:19 - prefer_const_constructors
   info - Use 'const' with the constructor to improve performance. Try adding the 'const' keyword to the constructor invocation - lib\ui\features\circus\circus_screen.dart:808:17 - prefer_const_constructors
   info - Use 'const' with the constructor to improve performance. Try adding the 'const' keyword to the constructor invocation - lib\ui\features\circus\circus_screen.dart:808:32 - prefer_const_constructors
   info - 'withOpacity' is deprecated and shouldn't be used. Use .withValues() to avoid precision loss. Try replacing the use of the deprecated member with the replacement - lib\ui\features\circus\circus_screen.dart:850:37 - deprecated_member_use
   info - 'withOpacity' is deprecated and shouldn't be used. Use .withValues() to avoid precision loss. Try replacing the use of the deprecated member with the replacement - lib\ui\features\circus\circus_screen.dart:851:48 - deprecated_member_use
   info - 'withOpacity' is deprecated and shouldn't be used. Use .withValues() to avoid precision loss. Try replacing the use of the deprecated member with the replacement - lib\ui\features\circus\circus_screen.dart:917:43 - deprecated_member_use
   info - 'withOpacity' is deprecated and shouldn't be used. Use .withValues() to avoid precision loss. Try replacing the use of the deprecated member with the replacement - lib\ui\features\circus\circus_screen.dart:951:49 - deprecated_member_use
   info - Use 'const' with the constructor to improve performance. Try adding the 'const' keyword to the constructor invocation - lib\ui\features\circus\circus_screen.dart:953:27 - prefer_const_constructors
   info - 'withOpacity' is deprecated and shouldn't be used. Use .withValues() to avoid precision loss. Try replacing the use of the deprecated member with the replacement - lib\ui\features\circus\circus_screen.dart:1038:44 - deprecated_member_use
   info - Use 'const' with the constructor to improve performance. Try adding the 'const' keyword to the constructor invocation - lib\ui\features\circus\circus_screen.dart:1093:32 - prefer_const_constructors
   info - 'withOpacity' is deprecated and shouldn't be used. Use .withValues() to avoid precision loss. Try replacing the use of the deprecated member with the replacement - lib\ui\features\circus\circus_screen.dart:1150:77 - deprecated_member_use
   info - 'withOpacity' is deprecated and shouldn't be used. Use .withValues() to avoid precision loss. Try replacing the use of the deprecated member with the replacement - lib\ui\features\circus\circus_screen.dart:1151:58 - deprecated_member_use
   info - 'withOpacity' is deprecated and shouldn't be used. Use .withValues() to avoid precision loss. Try replacing the use of the deprecated member with the replacement - lib\ui\features\circus\circus_screen.dart:1154:62 - deprecated_member_use
   info - 'withOpacity' is deprecated and shouldn't be used. Use .withValues() to avoid precision loss. Try replacing the use of the deprecated member with the replacement - lib\ui\features\circus\circus_screen.dart:1341:66 - deprecated_member_use
   info - 'withOpacity' is deprecated and shouldn't be used. Use .withValues() to avoid precision loss. Try replacing the use of the deprecated member with the replacement - lib\ui\features\circus\circus_screen.dart:1542:53 - deprecated_member_use
   info - Use 'const' with the constructor to improve performance. Try adding the 'const' keyword to the constructor invocation - lib\ui\features\circus\circus_screen.dart:1582:25 - prefer_const_constructors
   info - Use 'const' literals as arguments to constructors of '@immutable' classes. Try adding 'const' before the literal - lib\ui\features\circus\circus_screen.dart:1583:25 - prefer_const_literals_to_create_immutables
   info - Use 'const' with the constructor to improve performance. Try adding the 'const' keyword to the constructor invocation - lib\ui\features\circus\circus_screen.dart:1619:25 - prefer_const_constructors
   info - 'withOpacity' is deprecated and shouldn't be used. Use .withValues() to avoid precision loss. Try replacing the use of the deprecated member with the replacement - lib\ui\features\circus\circus_screen.dart:1715:30 - deprecated_member_use
   info - 'withOpacity' is deprecated and shouldn't be used. Use .withValues() to avoid precision loss. Try replacing the use of the deprecated member with the replacement - lib\ui\features\duel\duel_screen.dart:692:61 - deprecated_member_use
   info - 'withOpacity' is deprecated and shouldn't be used. Use .withValues() to avoid precision loss. Try replacing the use of the deprecated member with the replacement - lib\ui\features\duel\duel_screen.dart:775:61 - deprecated_member_use
   info - 'withOpacity' is deprecated and shouldn't be used. Use .withValues() to avoid precision loss. Try replacing the use of the deprecated member with the replacement - lib\ui\features\duel\duel_screen.dart:832:71 - deprecated_member_use
   info - 'withOpacity' is deprecated and shouldn't be used. Use .withValues() to avoid precision loss. Try replacing the use of the deprecated member with the replacement - lib\ui\features\duel\duel_screen.dart:833:72 - deprecated_member_use
   info - 'withOpacity' is deprecated and shouldn't be used. Use .withValues() to avoid precision loss. Try replacing the use of the deprecated member with the replacement - lib\ui\features\duel\duel_screen.dart:939:82 - deprecated_member_use
   info - 'withOpacity' is deprecated and shouldn't be used. Use .withValues() to avoid precision loss. Try replacing the use of the deprecated member with the replacement - lib\ui\features\duel\duel_screen.dart:997:71 - deprecated_member_use
   info - 'withOpacity' is deprecated and shouldn't be used. Use .withValues() to avoid precision loss. Try replacing the use of the deprecated member with the replacement - lib\ui\features\duel\duel_screen.dart:998:71 - deprecated_member_use
   info - 'withOpacity' is deprecated and shouldn't be used. Use .withValues() to avoid precision loss. Try replacing the use of the deprecated member with the replacement - lib\ui\features\duel\duel_screen.dart:1136:67 - deprecated_member_use
   info - 'withOpacity' is deprecated and shouldn't be used. Use .withValues() to avoid precision loss. Try replacing the use of the deprecated member with the replacement - lib\ui\features\duel\duel_screen.dart:1186:66 - deprecated_member_use
   info - Use 'const' with the constructor to improve performance. Try adding the 'const' keyword to the constructor invocation - lib\ui\features\duel\duel_screen.dart:1401:25 - prefer_const_constructors
   info - 'withOpacity' is deprecated and shouldn't be used. Use .withValues() to avoid precision loss. Try replacing the use of the deprecated member with the replacement - lib\ui\features\forum\forum_screen.dart:405:61 - deprecated_member_use
   info - 'withOpacity' is deprecated and shouldn't be used. Use .withValues() to avoid precision loss. Try replacing the use of the deprecated member with the replacement - lib\ui\features\home\home_screen.dart:73:59 - deprecated_member_use
   info - 'withOpacity' is deprecated and shouldn't be used. Use .withValues() to avoid precision loss. Try replacing the use of the deprecated member with the replacement - lib\ui\features\home\home_screen.dart:609:42 - deprecated_member_use
   info - 'withOpacity' is deprecated and shouldn't be used. Use .withValues() to avoid precision loss. Try replacing the use of the deprecated member with the replacement - lib\ui\features\home\home_screen.dart:611:64 - deprecated_member_use
   info - 'withOpacity' is deprecated and shouldn't be used. Use .withValues() to avoid precision loss. Try replacing the use of the deprecated member with the replacement - lib\ui\features\home\home_screen.dart:728:69 - deprecated_member_use
   info - 'withOpacity' is deprecated and shouldn't be used. Use .withValues() to avoid precision loss. Try replacing the use of the deprecated member with the replacement - lib\ui\features\home\home_screen.dart:923:66 - deprecated_member_use
   info - Use 'const' with the constructor to improve performance. Try adding the 'const' keyword to the constructor invocation - lib\ui\features\home\home_screen.dart:1057:21 - prefer_const_constructors
   info - Use 'const' with the constructor to improve performance. Try adding the 'const' keyword to the constructor invocation - lib\ui\features\home\home_screen.dart:1058:30 - prefer_const_constructors
   info - Use 'const' with the constructor to improve performance. Try adding the 'const' keyword to the constructor invocation - lib\ui\features\home\views\bibliotheca_view.dart:68:21 - prefer_const_constructors
   info - Use 'const' with the constructor to improve performance. Try adding the 'const' keyword to the constructor invocation - lib\ui\features\home\views\bibliotheca_view.dart:69:30 - prefer_const_constructors
   info - Use 'const' with the constructor to improve performance. Try adding the 'const' keyword to the constructor invocation - lib\ui\features\home\views\bibliotheca_view.dart:223:23 - prefer_const_constructors
   info - Use 'const' with the constructor to improve performance. Try adding the 'const' keyword to the constructor invocation - lib\ui\features\home\views\bibliotheca_view.dart:224:32 - prefer_const_constructors
   info - 'withOpacity' is deprecated and shouldn't be used. Use .withValues() to avoid precision loss. Try replacing the use of the deprecated member with the replacement - lib\ui\features\home\views\bibliotheca_view.dart:378:53 - deprecated_member_use
   info - 'withOpacity' is deprecated and shouldn't be used. Use .withValues() to avoid precision loss. Try replacing the use of the deprecated member with the replacement - lib\ui\features\home\views\bibliotheca_view.dart:380:72 - deprecated_member_use
   info - Use 'const' with the constructor to improve performance. Try adding the 'const' keyword to the constructor invocation - lib\ui\features\home\views\export_fiches_modal.dart:337:7 - prefer_const_constructors
   info - Use 'const' with the constructor to improve performance. Try adding the 'const' keyword to the constructor invocation - lib\ui\features\home\views\ludi_view.dart:66:21 - prefer_const_constructors
   info - Use 'const' with the constructor to improve performance. Try adding the 'const' keyword to the constructor invocation - lib\ui\features\home\views\ludi_view.dart:67:30 - prefer_const_constructors
   info - 'withOpacity' is deprecated and shouldn't be used. Use .withValues() to avoid precision loss. Try replacing the use of the deprecated member with the replacement - lib\ui\features\home\views\ludi_view.dart:354:51 - deprecated_member_use
   info - 'withOpacity' is deprecated and shouldn't be used. Use .withValues() to avoid precision loss. Try replacing the use of the deprecated member with the replacement - lib\ui\features\home\views\ludi_view.dart:356:70 - deprecated_member_use
   info - Use 'const' with the constructor to improve performance. Try adding the 'const' keyword to the constructor invocation - lib\ui\features\lesson\lesson_screen.dart:173:22 - prefer_const_constructors
   info - Use 'const' literals as arguments to constructors of '@immutable' classes. Try adding 'const' before the literal - lib\ui\features\lesson\lesson_screen.dart:175:27 - prefer_const_literals_to_create_immutables
   info - Use 'const' with the constructor to improve performance. Try adding the 'const' keyword to the constructor invocation - lib\ui\features\lesson\lesson_screen.dart:185:19 - prefer_const_constructors
   info - 'withOpacity' is deprecated and shouldn't be used. Use .withValues() to avoid precision loss. Try replacing the use of the deprecated member with the replacement - lib\ui\features\lesson\lesson_screen.dart:232:57 - deprecated_member_use
   info - 'withOpacity' is deprecated and shouldn't be used. Use .withValues() to avoid precision loss. Try replacing the use of the deprecated member with the replacement - lib\ui\features\lesson\lesson_screen.dart:414:63 - deprecated_member_use
   info - 'withOpacity' is deprecated and shouldn't be used. Use .withValues() to avoid precision loss. Try replacing the use of the deprecated member with the replacement - lib\ui\features\lesson\lesson_screen.dart:841:55 - deprecated_member_use
   info - 'withOpacity' is deprecated and shouldn't be used. Use .withValues() to avoid precision loss. Try replacing the use of the deprecated member with the replacement - lib\ui\features\lesson\lesson_screen.dart:956:62 - deprecated_member_use
   info - 'withOpacity' is deprecated and shouldn't be used. Use .withValues() to avoid precision loss. Try replacing the use of the deprecated member with the replacement - lib\ui\features\lesson\lesson_screen.dart:1033:41 - deprecated_member_use
   info - 'withOpacity' is deprecated and shouldn't be used. Use .withValues() to avoid precision loss. Try replacing the use of the deprecated member with the replacement - lib\ui\features\lesson\lesson_screen.dart:1053:32 - deprecated_member_use
  error - Undefined name '_isEvaluated'. Try correcting the name to one that is defined, or defining the name - lib\ui\features\lesson\widgets\case_decoder_widget.dart:68:7 - undefined_identifier
  error - Undefined name '_isEvaluated'. Try correcting the name to one that is defined, or defining the name - lib\ui\features\lesson\widgets\case_decoder_widget.dart:119:7 - undefined_identifier
   info - Use 'const' with the constructor to improve performance. Try adding the 'const' keyword to the constructor invocation - lib\ui\features\lesson\widgets\case_decoder_widget.dart:145:13 - prefer_const_constructors
   info - Use 'const' literals as arguments to constructors of '@immutable' classes. Try adding 'const' before the literal - lib\ui\features\lesson\widgets\case_decoder_widget.dart:146:25 - prefer_const_literals_to_create_immutables
   info - 'withOpacity' is deprecated and shouldn't be used. Use .withValues() to avoid precision loss. Try replacing the use of the deprecated member with the replacement - lib\ui\features\lesson\widgets\case_decoder_widget.dart:195:50 - deprecated_member_use
   info - 'withOpacity' is deprecated and shouldn't be used. Use .withValues() to avoid precision loss. Try replacing the use of the deprecated member with the replacement - lib\ui\features\lesson\widgets\case_decoder_widget.dart:206:60 - deprecated_member_use
   info - 'withOpacity' is deprecated and shouldn't be used. Use .withValues() to avoid precision loss. Try replacing the use of the deprecated member with the replacement - lib\ui\features\map\map_screen.dart:137:55 - deprecated_member_use
   info - Use 'const' with the constructor to improve performance. Try adding the 'const' keyword to the constructor invocation - lib\ui\features\map\map_screen.dart:156:17 - prefer_const_constructors
   info - 'withOpacity' is deprecated and shouldn't be used. Use .withValues() to avoid precision loss. Try replacing the use of the deprecated member with the replacement - lib\ui\features\map\map_screen.dart:531:34 - deprecated_member_use
   info - Use 'const' with the constructor to improve performance. Try adding the 'const' keyword to the constructor invocation - lib\ui\features\marche\marche_trajan_screen.dart:906:23 - prefer_const_constructors
   info - Use 'const' with the constructor to improve performance. Try adding the 'const' keyword to the constructor invocation - lib\ui\features\marche\marche_trajan_screen.dart:907:32 - prefer_const_constructors
   info - 'withOpacity' is deprecated and shouldn't be used. Use .withValues() to avoid precision loss. Try replacing the use of the deprecated member with the replacement - lib\ui\features\marche\marche_trajan_screen.dart:1098:62 - deprecated_member_use
   info - 'scale' is deprecated and shouldn't be used. Use scaleByVector3, scaleByVector4, or scaleByDouble instead. Try replacing the use of the deprecated member with the replacement - lib\ui\features\memoria\memoria_screen.dart:563:27 - deprecated_member_use
   info - Use 'const' with the constructor to improve performance. Try adding the 'const' keyword to the constructor invocation - lib\ui\features\memoria\memoria_screen.dart:630:19 - prefer_const_constructors
   info - 'withOpacity' is deprecated and shouldn't be used. Use .withValues() to avoid precision loss. Try replacing the use of the deprecated member with the replacement - lib\ui\features\memoria\memoria_screen.dart:736:54 - deprecated_member_use
   info - 'withOpacity' is deprecated and shouldn't be used. Use .withValues() to avoid precision loss. Try replacing the use of the deprecated member with the replacement - lib\ui\features\memoria\memoria_screen.dart:737:53 - deprecated_member_use
   info - Use 'const' with the constructor to improve performance. Try adding the 'const' keyword to the constructor invocation - lib\ui\features\memoria\memoria_screen.dart:784:27 - prefer_const_constructors
   info - Use 'const' literals as arguments to constructors of '@immutable' classes. Try adding 'const' before the literal - lib\ui\features\memoria\memoria_screen.dart:785:27 - prefer_const_literals_to_create_immutables
   info - 'withOpacity' is deprecated and shouldn't be used. Use .withValues() to avoid precision loss. Try replacing the use of the deprecated member with the replacement - lib\ui\features\memoria\memoria_screen.dart:944:63 - deprecated_member_use
   info - 'withOpacity' is deprecated and shouldn't be used. Use .withValues() to avoid precision loss. Try replacing the use of the deprecated member with the replacement - lib\ui\features\memoria\memoria_screen.dart:1057:26 - deprecated_member_use
   info - 'withOpacity' is deprecated and shouldn't be used. Use .withValues() to avoid precision loss. Try replacing the use of the deprecated member with the replacement - lib\ui\features\memoria\memoria_screen.dart:1081:37 - deprecated_member_use
   info - 'withOpacity' is deprecated and shouldn't be used. Use .withValues() to avoid precision loss. Try replacing the use of the deprecated member with the replacement - lib\ui\features\memoria\memoria_screen.dart:1102:41 - deprecated_member_use
   info - 'withOpacity' is deprecated and shouldn't be used. Use .withValues() to avoid precision loss. Try replacing the use of the deprecated member with the replacement - lib\ui\features\pantheon\pantheon_screen.dart:428:42 - deprecated_member_use
   info - 'withOpacity' is deprecated and shouldn't be used. Use .withValues() to avoid precision loss. Try replacing the use of the deprecated member with the replacement - lib\ui\features\pantheon\pantheon_screen.dart:457:65 - deprecated_member_use
   info - 'withOpacity' is deprecated and shouldn't be used. Use .withValues() to avoid precision loss. Try replacing the use of the deprecated member with the replacement - lib\ui\features\pantheon\pantheon_screen.dart:522:84 - deprecated_member_use
   info - 'withOpacity' is deprecated and shouldn't be used. Use .withValues() to avoid precision loss. Try replacing the use of the deprecated member with the replacement - lib\ui\features\pantheon\pantheon_screen.dart:564:42 - deprecated_member_use
   info - 'withOpacity' is deprecated and shouldn't be used. Use .withValues() to avoid precision loss. Try replacing the use of the deprecated member with the replacement - lib\ui\features\pantheon\pantheon_screen.dart:581:43 - deprecated_member_use
   info - 'withOpacity' is deprecated and shouldn't be used. Use .withValues() to avoid precision loss. Try replacing the use of the deprecated member with the replacement - lib\ui\features\pantheon\pantheon_screen.dart:582:43 - deprecated_member_use
   info - 'withOpacity' is deprecated and shouldn't be used. Use .withValues() to avoid precision loss. Try replacing the use of the deprecated member with the replacement - lib\ui\features\pantheon\pantheon_screen.dart:586:67 - deprecated_member_use
   info - 'withOpacity' is deprecated and shouldn't be used. Use .withValues() to avoid precision loss. Try replacing the use of the deprecated member with the replacement - lib\ui\features\pantheon\pantheon_screen.dart:664:77 - deprecated_member_use
   info - 'withOpacity' is deprecated and shouldn't be used. Use .withValues() to avoid precision loss. Try replacing the use of the deprecated member with the replacement - lib\ui\features\taverne\taverne_screen.dart:456:74 - deprecated_member_use
   info - Use 'const' with the constructor to improve performance. Try adding the 'const' keyword to the constructor invocation - lib\ui\features\taverne\taverne_screen.dart:480:29 - prefer_const_constructors
   info - Use 'const' with the constructor to improve performance. Try adding the 'const' keyword to the constructor invocation - lib\ui\features\taverne\taverne_screen.dart:500:29 - prefer_const_constructors
   info - 'withOpacity' is deprecated and shouldn't be used. Use .withValues() to avoid precision loss. Try replacing the use of the deprecated member with the replacement - lib\ui\features\taverne\taverne_screen.dart:602:75 - deprecated_member_use
   info - Use 'const' with the constructor to improve performance. Try adding the 'const' keyword to the constructor invocation - lib\ui\features\taverne\taverne_screen.dart:690:23 - prefer_const_constructors
   info - 'withOpacity' is deprecated and shouldn't be used. Use .withValues() to avoid precision loss. Try replacing the use of the deprecated member with the replacement - lib\ui\features\thesaurus\thesaurus_screen.dart:497:87 - deprecated_member_use
   info - 'withOpacity' is deprecated and shouldn't be used. Use .withValues() to avoid precision loss. Try replacing the use of the deprecated member with the replacement - lib\ui\features\thesaurus\thesaurus_screen.dart:498:83 - deprecated_member_use
   info - 'withOpacity' is deprecated and shouldn't be used. Use .withValues() to avoid precision loss. Try replacing the use of the deprecated member with the replacement - lib\ui\features\thesaurus\thesaurus_screen.dart:499:87 - deprecated_member_use
   info - 'withOpacity' is deprecated and shouldn't be used. Use .withValues() to avoid precision loss. Try replacing the use of the deprecated member with the replacement - lib\ui\features\thesaurus\thesaurus_screen.dart:500:83 - deprecated_member_use
   info - 'withOpacity' is deprecated and shouldn't be used. Use .withValues() to avoid precision loss. Try replacing the use of the deprecated member with the replacement - lib\ui\features\thesaurus\thesaurus_screen.dart:501:79 - deprecated_member_use
   info - 'withOpacity' is deprecated and shouldn't be used. Use .withValues() to avoid precision loss. Try replacing the use of the deprecated member with the replacement - lib\ui\features\thesaurus\thesaurus_screen.dart:502:83 - deprecated_member_use
   info - 'MaterialStateProperty' is deprecated and shouldn't be used. Use WidgetStateProperty instead. Moved to the Widgets layer to make code available outside of Material. This feature was deprecated after v3.19.0-0.3.pre. Try replacing the use of the deprecated member with the replacement - lib\ui\features\thesaurus\thesaurus_screen.dart:505:26 - deprecated_member_use

181 issues found. (ran in 9.5s)
